[0.251s] DEBUG:colcon:Command line arguments: ['/usr/bin/colcon', 'build', '--symlink-install']
[0.251s] DEBUG:colcon:Parsed command line arguments: Namespace(log_base=None, log_level=None, verb_name='build', build_base='build', install_base='install', merge_install=False, symlink_install=True, test_result_base=None, continue_on_error=False, executor='parallel', parallel_workers=6, event_handlers=None, ignore_user_meta=False, metas=['./colcon.meta'], base_paths=['.'], packages_ignore=None, packages_ignore_regex=None, paths=None, packages_up_to=None, packages_up_to_regex=None, packages_above=None, packages_above_and_dependencies=None, packages_above_depth=None, packages_select_by_dep=None, packages_skip_by_dep=None, packages_skip_up_to=None, packages_select_build_failed=False, packages_skip_build_finished=False, packages_select_test_failures=False, packages_skip_test_passed=False, packages_select=None, packages_skip=None, packages_select_regex=None, packages_skip_regex=None, packages_start=None, packages_end=None, allow_overriding=[], cmake_args=None, cmake_target=None, cmake_target_skip_unavailable=False, cmake_clean_cache=False, cmake_clean_first=False, cmake_force_configure=False, ament_cmake_args=None, catkin_cmake_args=None, catkin_skip_building_tests=False, verb_parser=<colcon_defaults.argument_parser.defaults.DefaultArgumentsDecorator object at 0xffffab3b7c10>, verb_extension=<colcon_core.verb.build.BuildVerb object at 0xffffab5a5090>, main=<bound method BuildVerb.main of <colcon_core.verb.build.BuildVerb object at 0xffffab5a5090>>)
[0.648s] Level 1:colcon.colcon_core.package_discovery:discover_packages(colcon_meta) check parameters
[0.649s] Level 1:colcon.colcon_core.package_discovery:discover_packages(recursive) check parameters
[0.649s] Level 1:colcon.colcon_core.package_discovery:discover_packages(ignore) check parameters
[0.649s] Level 1:colcon.colcon_core.package_discovery:discover_packages(path) check parameters
[0.649s] Level 1:colcon.colcon_core.package_discovery:discover_packages(colcon_meta) discover
[0.649s] Level 1:colcon.colcon_core.package_discovery:discover_packages(recursive) discover
[0.649s] INFO:colcon.colcon_core.package_discovery:Crawling recursively for packages in '/home/outthawazoo/traxxas_ws'
[0.650s] Level 1:colcon.colcon_core.package_identification:_identify(.) by extensions ['ignore', 'ignore_ament_install']
[0.650s] Level 1:colcon.colcon_core.package_identification:_identify(.) by extension 'ignore'
[0.650s] Level 1:colcon.colcon_core.package_identification:_identify(.) by extension 'ignore_ament_install'
[0.650s] Level 1:colcon.colcon_core.package_identification:_identify(.) by extensions ['colcon_pkg']
[0.650s] Level 1:colcon.colcon_core.package_identification:_identify(.) by extension 'colcon_pkg'
[0.650s] Level 1:colcon.colcon_core.package_identification:_identify(.) by extensions ['colcon_meta']
[0.650s] Level 1:colcon.colcon_core.package_identification:_identify(.) by extension 'colcon_meta'
[0.650s] Level 1:colcon.colcon_core.package_identification:_identify(.) by extensions ['ros']
[0.651s] Level 1:colcon.colcon_core.package_identification:_identify(.) by extension 'ros'
[0.676s] Level 1:colcon.colcon_core.package_identification:_identify(.) by extensions ['cmake', 'python']
[0.676s] Level 1:colcon.colcon_core.package_identification:_identify(.) by extension 'cmake'
[0.676s] Level 1:colcon.colcon_core.package_identification:_identify(.) by extension 'python'
[0.676s] Level 1:colcon.colcon_core.package_identification:_identify(.) by extensions ['python_setup_py']
[0.677s] Level 1:colcon.colcon_core.package_identification:_identify(.) by extension 'python_setup_py'
[0.677s] Level 1:colcon.colcon_core.package_identification:_identify(build) by extensions ['ignore', 'ignore_ament_install']
[0.677s] Level 1:colcon.colcon_core.package_identification:_identify(build) by extension 'ignore'
[0.677s] Level 1:colcon.colcon_core.package_identification:_identify(build) ignored
[0.678s] Level 1:colcon.colcon_core.package_identification:_identify(install) by extensions ['ignore', 'ignore_ament_install']
[0.678s] Level 1:colcon.colcon_core.package_identification:_identify(install) by extension 'ignore'
[0.678s] Level 1:colcon.colcon_core.package_identification:_identify(install) ignored
[0.678s] Level 1:colcon.colcon_core.package_identification:_identify(log) by extensions ['ignore', 'ignore_ament_install']
[0.678s] Level 1:colcon.colcon_core.package_identification:_identify(log) by extension 'ignore'
[0.678s] Level 1:colcon.colcon_core.package_identification:_identify(log) ignored
[0.679s] Level 1:colcon.colcon_core.package_identification:_identify(src) by extensions ['ignore', 'ignore_ament_install']
[0.679s] Level 1:colcon.colcon_core.package_identification:_identify(src) by extension 'ignore'
[0.679s] Level 1:colcon.colcon_core.package_identification:_identify(src) by extension 'ignore_ament_install'
[0.679s] Level 1:colcon.colcon_core.package_identification:_identify(src) by extensions ['colcon_pkg']
[0.679s] Level 1:colcon.colcon_core.package_identification:_identify(src) by extension 'colcon_pkg'
[0.679s] Level 1:colcon.colcon_core.package_identification:_identify(src) by extensions ['colcon_meta']
[0.679s] Level 1:colcon.colcon_core.package_identification:_identify(src) by extension 'colcon_meta'
[0.679s] Level 1:colcon.colcon_core.package_identification:_identify(src) by extensions ['ros']
[0.680s] Level 1:colcon.colcon_core.package_identification:_identify(src) by extension 'ros'
[0.680s] Level 1:colcon.colcon_core.package_identification:_identify(src) by extensions ['cmake', 'python']
[0.680s] Level 1:colcon.colcon_core.package_identification:_identify(src) by extension 'cmake'
[0.680s] Level 1:colcon.colcon_core.package_identification:_identify(src) by extension 'python'
[0.680s] Level 1:colcon.colcon_core.package_identification:_identify(src) by extensions ['python_setup_py']
[0.680s] Level 1:colcon.colcon_core.package_identification:_identify(src) by extension 'python_setup_py'
[0.680s] Level 1:colcon.colcon_core.package_identification:_identify(src/traxxas_slam) by extensions ['ignore', 'ignore_ament_install']
[0.680s] Level 1:colcon.colcon_core.package_identification:_identify(src/traxxas_slam) by extension 'ignore'
[0.681s] Level 1:colcon.colcon_core.package_identification:_identify(src/traxxas_slam) by extension 'ignore_ament_install'
[0.681s] Level 1:colcon.colcon_core.package_identification:_identify(src/traxxas_slam) by extensions ['colcon_pkg']
[0.681s] Level 1:colcon.colcon_core.package_identification:_identify(src/traxxas_slam) by extension 'colcon_pkg'
[0.681s] Level 1:colcon.colcon_core.package_identification:_identify(src/traxxas_slam) by extensions ['colcon_meta']
[0.681s] Level 1:colcon.colcon_core.package_identification:_identify(src/traxxas_slam) by extension 'colcon_meta'
[0.681s] Level 1:colcon.colcon_core.package_identification:_identify(src/traxxas_slam) by extensions ['ros']
[0.681s] Level 1:colcon.colcon_core.package_identification:_identify(src/traxxas_slam) by extension 'ros'
[0.687s] DEBUG:colcon.colcon_core.package_identification:Package 'src/traxxas_slam' with type 'ros.ament_python' and name 'traxxas_slam'
[0.687s] Level 1:colcon.colcon_core.package_discovery:discover_packages(recursive) using defaults
[0.687s] Level 1:colcon.colcon_core.package_discovery:discover_packages(ignore) discover
[0.687s] Level 1:colcon.colcon_core.package_discovery:discover_packages(ignore) using defaults
[0.687s] Level 1:colcon.colcon_core.package_discovery:discover_packages(path) discover
[0.687s] Level 1:colcon.colcon_core.package_discovery:discover_packages(path) using defaults
[0.733s] Level 1:colcon.colcon_core.package_discovery:discover_packages(prefix_path) check parameters
[0.733s] Level 1:colcon.colcon_core.package_discovery:discover_packages(prefix_path) discover
[0.737s] DEBUG:colcon.colcon_installed_package_information.package_discovery:Found 1 installed packages in /home/outthawazoo/traxxas_ws/install
[0.740s] DEBUG:colcon.colcon_installed_package_information.package_discovery:Found 320 installed packages in /opt/ros/humble
[0.770s] Level 1:colcon.colcon_core.package_discovery:discover_packages(prefix_path) using defaults
[0.866s] Level 5:colcon.colcon_core.verb:set package 'traxxas_slam' build argument 'cmake_args' from command line to 'None'
[0.866s] Level 5:colcon.colcon_core.verb:set package 'traxxas_slam' build argument 'cmake_target' from command line to 'None'
[0.866s] Level 5:colcon.colcon_core.verb:set package 'traxxas_slam' build argument 'cmake_target_skip_unavailable' from command line to 'False'
[0.866s] Level 5:colcon.colcon_core.verb:set package 'traxxas_slam' build argument 'cmake_clean_cache' from command line to 'False'
[0.867s] Level 5:colcon.colcon_core.verb:set package 'traxxas_slam' build argument 'cmake_clean_first' from command line to 'False'
[0.867s] Level 5:colcon.colcon_core.verb:set package 'traxxas_slam' build argument 'cmake_force_configure' from command line to 'False'
[0.867s] Level 5:colcon.colcon_core.verb:set package 'traxxas_slam' build argument 'ament_cmake_args' from command line to 'None'
[0.867s] Level 5:colcon.colcon_core.verb:set package 'traxxas_slam' build argument 'catkin_cmake_args' from command line to 'None'
[0.867s] Level 5:colcon.colcon_core.verb:set package 'traxxas_slam' build argument 'catkin_skip_building_tests' from command line to 'False'
[0.867s] DEBUG:colcon.colcon_core.verb:Building package 'traxxas_slam' with the following arguments: {'ament_cmake_args': None, 'build_base': '/home/outthawazoo/traxxas_ws/build/traxxas_slam', 'catkin_cmake_args': None, 'catkin_skip_building_tests': False, 'cmake_args': None, 'cmake_clean_cache': False, 'cmake_clean_first': False, 'cmake_force_configure': False, 'cmake_target': None, 'cmake_target_skip_unavailable': False, 'install_base': '/home/outthawazoo/traxxas_ws/install/traxxas_slam', 'merge_install': False, 'path': '/home/outthawazoo/traxxas_ws/src/traxxas_slam', 'symlink_install': True, 'test_result_base': None}
[0.867s] INFO:colcon.colcon_core.executor:Executing jobs using 'parallel' executor
[0.870s] DEBUG:colcon.colcon_parallel_executor.executor.parallel:run_until_complete
[0.870s] INFO:colcon.colcon_ros.task.ament_python.build:Building ROS package in '/home/outthawazoo/traxxas_ws/src/traxxas_slam' with build type 'ament_python'
[0.871s] Level 1:colcon.colcon_core.shell:create_environment_hook('traxxas_slam', 'ament_prefix_path')
[0.875s] INFO:colcon.colcon_core.plugin_system:Skipping extension 'colcon_core.shell.bat': Not used on non-Windows systems
[0.876s] INFO:colcon.colcon_core.shell:Creating environment hook '/home/outthawazoo/traxxas_ws/install/traxxas_slam/share/traxxas_slam/hook/ament_prefix_path.ps1'
[0.878s] INFO:colcon.colcon_core.shell:Creating environment descriptor '/home/outthawazoo/traxxas_ws/install/traxxas_slam/share/traxxas_slam/hook/ament_prefix_path.dsv'
[0.879s] INFO:colcon.colcon_core.shell:Creating environment hook '/home/outthawazoo/traxxas_ws/install/traxxas_slam/share/traxxas_slam/hook/ament_prefix_path.sh'
[0.881s] INFO:colcon.colcon_core.shell:Skip shell extension 'powershell' for command environment: Not usable outside of PowerShell
[0.881s] DEBUG:colcon.colcon_core.shell:Skip shell extension 'dsv' for command environment
[1.490s] INFO:colcon.colcon_core.task.python.build:Building Python package in '/home/outthawazoo/traxxas_ws/src/traxxas_slam'
[1.491s] INFO:colcon.colcon_core.shell:Skip shell extension 'powershell' for command environment: Not usable outside of PowerShell
[1.491s] DEBUG:colcon.colcon_core.shell:Skip shell extension 'dsv' for command environment
[2.262s] DEBUG:colcon.colcon_core.event_handler.log_command:Invoking command in '/home/outthawazoo/traxxas_ws/build/traxxas_slam': PYTHONPATH=/home/outthawazoo/traxxas_ws/build/traxxas_slam/prefix_override:/usr/lib/python3/dist-packages/colcon_core/task/python/colcon_distutils_commands:/home/outthawazoo/traxxas_ws/install/traxxas_slam/lib/python3.10/site-packages:${PYTHONPATH} /usr/bin/python3 -W ignore:setup.py install is deprecated -W ignore:easy_install command is deprecated setup.py develop --editable --build-directory /home/outthawazoo/traxxas_ws/build/traxxas_slam/build --no-deps symlink_data
[3.380s] Level 1:colcon.colcon_core.shell:create_environment_hook('traxxas_slam', 'pythonpath_develop')
[3.382s] INFO:colcon.colcon_core.shell:Creating environment hook '/home/outthawazoo/traxxas_ws/build/traxxas_slam/share/traxxas_slam/hook/pythonpath_develop.ps1'
[3.384s] DEBUG:colcon.colcon_core.event_handler.log_command:Invoked command in '/home/outthawazoo/traxxas_ws/build/traxxas_slam' returned '0': PYTHONPATH=/home/outthawazoo/traxxas_ws/build/traxxas_slam/prefix_override:/usr/lib/python3/dist-packages/colcon_core/task/python/colcon_distutils_commands:/home/outthawazoo/traxxas_ws/install/traxxas_slam/lib/python3.10/site-packages:${PYTHONPATH} /usr/bin/python3 -W ignore:setup.py install is deprecated -W ignore:easy_install command is deprecated setup.py develop --editable --build-directory /home/outthawazoo/traxxas_ws/build/traxxas_slam/build --no-deps symlink_data
[3.385s] INFO:colcon.colcon_core.shell:Creating environment descriptor '/home/outthawazoo/traxxas_ws/build/traxxas_slam/share/traxxas_slam/hook/pythonpath_develop.dsv'
[3.387s] INFO:colcon.colcon_core.shell:Creating environment hook '/home/outthawazoo/traxxas_ws/build/traxxas_slam/share/traxxas_slam/hook/pythonpath_develop.sh'
[3.394s] Level 1:colcon.colcon_core.environment:checking '/home/outthawazoo/traxxas_ws/install/traxxas_slam' for CMake module files
[3.395s] Level 1:colcon.colcon_core.environment:checking '/home/outthawazoo/traxxas_ws/install/traxxas_slam' for CMake config files
[3.397s] Level 1:colcon.colcon_core.environment:checking '/home/outthawazoo/traxxas_ws/install/traxxas_slam/lib'
[3.398s] Level 1:colcon.colcon_core.environment:checking '/home/outthawazoo/traxxas_ws/install/traxxas_slam/bin'
[3.398s] Level 1:colcon.colcon_core.environment:checking '/home/outthawazoo/traxxas_ws/install/traxxas_slam/lib/pkgconfig/traxxas_slam.pc'
[3.399s] Level 1:colcon.colcon_core.environment:checking '/home/outthawazoo/traxxas_ws/install/traxxas_slam/lib/python3.10/site-packages'
[3.399s] Level 1:colcon.colcon_core.shell:create_environment_hook('traxxas_slam', 'pythonpath')
[3.400s] INFO:colcon.colcon_core.shell:Creating environment hook '/home/outthawazoo/traxxas_ws/install/traxxas_slam/share/traxxas_slam/hook/pythonpath.ps1'
[3.401s] INFO:colcon.colcon_core.shell:Creating environment descriptor '/home/outthawazoo/traxxas_ws/install/traxxas_slam/share/traxxas_slam/hook/pythonpath.dsv'
[3.403s] INFO:colcon.colcon_core.shell:Creating environment hook '/home/outthawazoo/traxxas_ws/install/traxxas_slam/share/traxxas_slam/hook/pythonpath.sh'
[3.405s] Level 1:colcon.colcon_core.environment:checking '/home/outthawazoo/traxxas_ws/install/traxxas_slam/bin'
[3.405s] Level 1:colcon.colcon_core.environment:create_environment_scripts_only(traxxas_slam)
[3.406s] INFO:colcon.colcon_core.shell:Creating package script '/home/outthawazoo/traxxas_ws/install/traxxas_slam/share/traxxas_slam/package.ps1'
[3.408s] INFO:colcon.colcon_core.shell:Creating package descriptor '/home/outthawazoo/traxxas_ws/install/traxxas_slam/share/traxxas_slam/package.dsv'
[3.410s] INFO:colcon.colcon_core.shell:Creating package script '/home/outthawazoo/traxxas_ws/install/traxxas_slam/share/traxxas_slam/package.sh'
[3.412s] INFO:colcon.colcon_core.shell:Creating package script '/home/outthawazoo/traxxas_ws/install/traxxas_slam/share/traxxas_slam/package.bash'
[3.414s] INFO:colcon.colcon_core.shell:Creating package script '/home/outthawazoo/traxxas_ws/install/traxxas_slam/share/traxxas_slam/package.zsh'
[3.416s] Level 1:colcon.colcon_core.environment:create_file_with_runtime_dependencies(/home/outthawazoo/traxxas_ws/install/traxxas_slam/share/colcon-core/packages/traxxas_slam)
[3.417s] DEBUG:colcon.colcon_parallel_executor.executor.parallel:closing loop
[3.418s] DEBUG:colcon.colcon_parallel_executor.executor.parallel:loop closed
[3.418s] DEBUG:colcon.colcon_parallel_executor.executor.parallel:run_until_complete finished with '0'
[3.418s] DEBUG:colcon.colcon_core.event_reactor:joining thread
[3.434s] INFO:colcon.colcon_core.plugin_system:Skipping extension 'colcon_notification.desktop_notification.terminal_notifier': Not used on non-Darwin systems
[3.434s] INFO:colcon.colcon_core.plugin_system:Skipping extension 'colcon_notification.desktop_notification.win32': Not used on non-Windows systems
[3.434s] INFO:colcon.colcon_notification.desktop_notification:Sending desktop notification using 'notify2'
[3.477s] DEBUG:colcon.colcon_core.event_reactor:joined thread
[3.478s] INFO:colcon.colcon_core.shell:Creating prefix script '/home/outthawazoo/traxxas_ws/install/local_setup.ps1'
[3.481s] INFO:colcon.colcon_core.shell:Creating prefix util module '/home/outthawazoo/traxxas_ws/install/_local_setup_util_ps1.py'
[3.485s] INFO:colcon.colcon_core.shell:Creating prefix chain script '/home/outthawazoo/traxxas_ws/install/setup.ps1'
[3.489s] INFO:colcon.colcon_core.shell:Creating prefix script '/home/outthawazoo/traxxas_ws/install/local_setup.sh'
[3.492s] INFO:colcon.colcon_core.shell:Creating prefix util module '/home/outthawazoo/traxxas_ws/install/_local_setup_util_sh.py'
[3.494s] INFO:colcon.colcon_core.shell:Creating prefix chain script '/home/outthawazoo/traxxas_ws/install/setup.sh'
[3.498s] INFO:colcon.colcon_core.shell:Creating prefix script '/home/outthawazoo/traxxas_ws/install/local_setup.bash'
[3.500s] INFO:colcon.colcon_core.shell:Creating prefix chain script '/home/outthawazoo/traxxas_ws/install/setup.bash'
[3.503s] INFO:colcon.colcon_core.shell:Creating prefix script '/home/outthawazoo/traxxas_ws/install/local_setup.zsh'
[3.505s] INFO:colcon.colcon_core.shell:Creating prefix chain script '/home/outthawazoo/traxxas_ws/install/setup.zsh'
