[0.281s] DEBUG:colcon:Command line arguments: ['/usr/bin/colcon', 'build', '--symlink-install']
[0.281s] DEBUG:colcon:Parsed command line arguments: Namespace(log_base=None, log_level=None, verb_name='build', build_base='build', install_base='install', merge_install=False, symlink_install=True, test_result_base=None, continue_on_error=False, executor='parallel', parallel_workers=6, event_handlers=None, ignore_user_meta=False, metas=['./colcon.meta'], base_paths=['.'], packages_ignore=None, packages_ignore_regex=None, paths=None, packages_up_to=None, packages_up_to_regex=None, packages_above=None, packages_above_and_dependencies=None, packages_above_depth=None, packages_select_by_dep=None, packages_skip_by_dep=None, packages_skip_up_to=None, packages_select_build_failed=False, packages_skip_build_finished=False, packages_select_test_failures=False, packages_skip_test_passed=False, packages_select=None, packages_skip=None, packages_select_regex=None, packages_skip_regex=None, packages_start=None, packages_end=None, allow_overriding=[], cmake_args=None, cmake_target=None, cmake_target_skip_unavailable=False, cmake_clean_cache=False, cmake_clean_first=False, cmake_force_configure=False, ament_cmake_args=None, catkin_cmake_args=None, catkin_skip_building_tests=False, verb_parser=<colcon_defaults.argument_parser.defaults.DefaultArgumentsDecorator object at 0xffffb7f13d90>, verb_extension=<colcon_core.verb.build.BuildVerb object at 0xffffb8105210>, main=<bound method BuildVerb.main of <colcon_core.verb.build.BuildVerb object at 0xffffb8105210>>)
[0.718s] Level 1:colcon.colcon_core.package_discovery:discover_packages(colcon_meta) check parameters
[0.718s] Level 1:colcon.colcon_core.package_discovery:discover_packages(recursive) check parameters
[0.718s] Level 1:colcon.colcon_core.package_discovery:discover_packages(ignore) check parameters
[0.718s] Level 1:colcon.colcon_core.package_discovery:discover_packages(path) check parameters
[0.718s] Level 1:colcon.colcon_core.package_discovery:discover_packages(colcon_meta) discover
[0.719s] Level 1:colcon.colcon_core.package_discovery:discover_packages(recursive) discover
[0.719s] INFO:colcon.colcon_core.package_discovery:Crawling recursively for packages in '/home/outthawazoo/traxxas_ws'
[0.719s] Level 1:colcon.colcon_core.package_identification:_identify(.) by extensions ['ignore', 'ignore_ament_install']
[0.719s] Level 1:colcon.colcon_core.package_identification:_identify(.) by extension 'ignore'
[0.719s] Level 1:colcon.colcon_core.package_identification:_identify(.) by extension 'ignore_ament_install'
[0.720s] Level 1:colcon.colcon_core.package_identification:_identify(.) by extensions ['colcon_pkg']
[0.720s] Level 1:colcon.colcon_core.package_identification:_identify(.) by extension 'colcon_pkg'
[0.720s] Level 1:colcon.colcon_core.package_identification:_identify(.) by extensions ['colcon_meta']
[0.720s] Level 1:colcon.colcon_core.package_identification:_identify(.) by extension 'colcon_meta'
[0.720s] Level 1:colcon.colcon_core.package_identification:_identify(.) by extensions ['ros']
[0.720s] Level 1:colcon.colcon_core.package_identification:_identify(.) by extension 'ros'
[0.749s] Level 1:colcon.colcon_core.package_identification:_identify(.) by extensions ['cmake', 'python']
[0.749s] Level 1:colcon.colcon_core.package_identification:_identify(.) by extension 'cmake'
[0.750s] Level 1:colcon.colcon_core.package_identification:_identify(.) by extension 'python'
[0.750s] Level 1:colcon.colcon_core.package_identification:_identify(.) by extensions ['python_setup_py']
[0.750s] Level 1:colcon.colcon_core.package_identification:_identify(.) by extension 'python_setup_py'
[0.750s] Level 1:colcon.colcon_core.package_identification:_identify(build) by extensions ['ignore', 'ignore_ament_install']
[0.750s] Level 1:colcon.colcon_core.package_identification:_identify(build) by extension 'ignore'
[0.751s] Level 1:colcon.colcon_core.package_identification:_identify(build) ignored
[0.751s] Level 1:colcon.colcon_core.package_identification:_identify(install) by extensions ['ignore', 'ignore_ament_install']
[0.751s] Level 1:colcon.colcon_core.package_identification:_identify(install) by extension 'ignore'
[0.751s] Level 1:colcon.colcon_core.package_identification:_identify(install) ignored
[0.751s] Level 1:colcon.colcon_core.package_identification:_identify(log) by extensions ['ignore', 'ignore_ament_install']
[0.752s] Level 1:colcon.colcon_core.package_identification:_identify(log) by extension 'ignore'
[0.752s] Level 1:colcon.colcon_core.package_identification:_identify(log) ignored
[0.752s] Level 1:colcon.colcon_core.package_identification:_identify(src) by extensions ['ignore', 'ignore_ament_install']
[0.752s] Level 1:colcon.colcon_core.package_identification:_identify(src) by extension 'ignore'
[0.752s] Level 1:colcon.colcon_core.package_identification:_identify(src) by extension 'ignore_ament_install'
[0.752s] Level 1:colcon.colcon_core.package_identification:_identify(src) by extensions ['colcon_pkg']
[0.753s] Level 1:colcon.colcon_core.package_identification:_identify(src) by extension 'colcon_pkg'
[0.753s] Level 1:colcon.colcon_core.package_identification:_identify(src) by extensions ['colcon_meta']
[0.753s] Level 1:colcon.colcon_core.package_identification:_identify(src) by extension 'colcon_meta'
[0.753s] Level 1:colcon.colcon_core.package_identification:_identify(src) by extensions ['ros']
[0.753s] Level 1:colcon.colcon_core.package_identification:_identify(src) by extension 'ros'
[0.753s] Level 1:colcon.colcon_core.package_identification:_identify(src) by extensions ['cmake', 'python']
[0.753s] Level 1:colcon.colcon_core.package_identification:_identify(src) by extension 'cmake'
[0.753s] Level 1:colcon.colcon_core.package_identification:_identify(src) by extension 'python'
[0.753s] Level 1:colcon.colcon_core.package_identification:_identify(src) by extensions ['python_setup_py']
[0.753s] Level 1:colcon.colcon_core.package_identification:_identify(src) by extension 'python_setup_py'
[0.754s] Level 1:colcon.colcon_core.package_identification:_identify(src/traxxas_slam) by extensions ['ignore', 'ignore_ament_install']
[0.754s] Level 1:colcon.colcon_core.package_identification:_identify(src/traxxas_slam) by extension 'ignore'
[0.754s] Level 1:colcon.colcon_core.package_identification:_identify(src/traxxas_slam) by extension 'ignore_ament_install'
[0.754s] Level 1:colcon.colcon_core.package_identification:_identify(src/traxxas_slam) by extensions ['colcon_pkg']
[0.754s] Level 1:colcon.colcon_core.package_identification:_identify(src/traxxas_slam) by extension 'colcon_pkg'
[0.754s] Level 1:colcon.colcon_core.package_identification:_identify(src/traxxas_slam) by extensions ['colcon_meta']
[0.754s] Level 1:colcon.colcon_core.package_identification:_identify(src/traxxas_slam) by extension 'colcon_meta'
[0.755s] Level 1:colcon.colcon_core.package_identification:_identify(src/traxxas_slam) by extensions ['ros']
[0.755s] Level 1:colcon.colcon_core.package_identification:_identify(src/traxxas_slam) by extension 'ros'
[0.762s] DEBUG:colcon.colcon_core.package_identification:Package 'src/traxxas_slam' with type 'ros.ament_python' and name 'traxxas_slam'
[0.762s] Level 1:colcon.colcon_core.package_discovery:discover_packages(recursive) using defaults
[0.762s] Level 1:colcon.colcon_core.package_discovery:discover_packages(ignore) discover
[0.762s] Level 1:colcon.colcon_core.package_discovery:discover_packages(ignore) using defaults
[0.762s] Level 1:colcon.colcon_core.package_discovery:discover_packages(path) discover
[0.762s] Level 1:colcon.colcon_core.package_discovery:discover_packages(path) using defaults
[0.813s] Level 1:colcon.colcon_core.package_discovery:discover_packages(prefix_path) check parameters
[0.813s] Level 1:colcon.colcon_core.package_discovery:discover_packages(prefix_path) discover
[0.816s] WARNING:colcon.colcon_ros.prefix_path.ament:The path '/home/outthawazoo/traxxas_ws/install/traxxas_slam' in the environment variable AMENT_PREFIX_PATH doesn't exist
[0.818s] DEBUG:colcon.colcon_installed_package_information.package_discovery:Found 0 installed packages in /home/outthawazoo/traxxas_ws/install
[0.821s] DEBUG:colcon.colcon_installed_package_information.package_discovery:Found 320 installed packages in /opt/ros/humble
[0.862s] Level 1:colcon.colcon_core.package_discovery:discover_packages(prefix_path) using defaults
[0.965s] Level 5:colcon.colcon_core.verb:set package 'traxxas_slam' build argument 'cmake_args' from command line to 'None'
[0.966s] Level 5:colcon.colcon_core.verb:set package 'traxxas_slam' build argument 'cmake_target' from command line to 'None'
[0.966s] Level 5:colcon.colcon_core.verb:set package 'traxxas_slam' build argument 'cmake_target_skip_unavailable' from command line to 'False'
[0.966s] Level 5:colcon.colcon_core.verb:set package 'traxxas_slam' build argument 'cmake_clean_cache' from command line to 'False'
[0.966s] Level 5:colcon.colcon_core.verb:set package 'traxxas_slam' build argument 'cmake_clean_first' from command line to 'False'
[0.966s] Level 5:colcon.colcon_core.verb:set package 'traxxas_slam' build argument 'cmake_force_configure' from command line to 'False'
[0.966s] Level 5:colcon.colcon_core.verb:set package 'traxxas_slam' build argument 'ament_cmake_args' from command line to 'None'
[0.966s] Level 5:colcon.colcon_core.verb:set package 'traxxas_slam' build argument 'catkin_cmake_args' from command line to 'None'
[0.966s] Level 5:colcon.colcon_core.verb:set package 'traxxas_slam' build argument 'catkin_skip_building_tests' from command line to 'False'
[0.966s] DEBUG:colcon.colcon_core.verb:Building package 'traxxas_slam' with the following arguments: {'ament_cmake_args': None, 'build_base': '/home/outthawazoo/traxxas_ws/build/traxxas_slam', 'catkin_cmake_args': None, 'catkin_skip_building_tests': False, 'cmake_args': None, 'cmake_clean_cache': False, 'cmake_clean_first': False, 'cmake_force_configure': False, 'cmake_target': None, 'cmake_target_skip_unavailable': False, 'install_base': '/home/outthawazoo/traxxas_ws/install/traxxas_slam', 'merge_install': False, 'path': '/home/outthawazoo/traxxas_ws/src/traxxas_slam', 'symlink_install': True, 'test_result_base': None}
[0.967s] INFO:colcon.colcon_core.executor:Executing jobs using 'parallel' executor
[0.969s] DEBUG:colcon.colcon_parallel_executor.executor.parallel:run_until_complete
[0.970s] INFO:colcon.colcon_ros.task.ament_python.build:Building ROS package in '/home/outthawazoo/traxxas_ws/src/traxxas_slam' with build type 'ament_python'
[0.970s] Level 1:colcon.colcon_core.shell:create_environment_hook('traxxas_slam', 'ament_prefix_path')
[0.975s] INFO:colcon.colcon_core.plugin_system:Skipping extension 'colcon_core.shell.bat': Not used on non-Windows systems
[0.976s] INFO:colcon.colcon_core.shell:Creating environment hook '/home/outthawazoo/traxxas_ws/install/traxxas_slam/share/traxxas_slam/hook/ament_prefix_path.ps1'
[0.978s] INFO:colcon.colcon_core.shell:Creating environment descriptor '/home/outthawazoo/traxxas_ws/install/traxxas_slam/share/traxxas_slam/hook/ament_prefix_path.dsv'
[0.980s] INFO:colcon.colcon_core.shell:Creating environment hook '/home/outthawazoo/traxxas_ws/install/traxxas_slam/share/traxxas_slam/hook/ament_prefix_path.sh'
[0.981s] INFO:colcon.colcon_core.shell:Skip shell extension 'powershell' for command environment: Not usable outside of PowerShell
[0.982s] DEBUG:colcon.colcon_core.shell:Skip shell extension 'dsv' for command environment
[1.668s] INFO:colcon.colcon_core.task.python.build:Building Python package in '/home/outthawazoo/traxxas_ws/src/traxxas_slam'
[1.669s] INFO:colcon.colcon_core.shell:Skip shell extension 'powershell' for command environment: Not usable outside of PowerShell
[1.669s] DEBUG:colcon.colcon_core.shell:Skip shell extension 'dsv' for command environment
[2.586s] DEBUG:colcon.colcon_core.event_handler.log_command:Invoking command in '/home/outthawazoo/traxxas_ws/build/traxxas_slam': PYTHONPATH=/home/outthawazoo/traxxas_ws/build/traxxas_slam/prefix_override:/usr/lib/python3/dist-packages/colcon_core/task/python/colcon_distutils_commands:/home/outthawazoo/traxxas_ws/install/traxxas_slam/lib/python3.10/site-packages:${PYTHONPATH} /usr/bin/python3 -W ignore:setup.py install is deprecated -W ignore:easy_install command is deprecated setup.py develop --editable --build-directory /home/outthawazoo/traxxas_ws/build/traxxas_slam/build --no-deps symlink_data
[4.027s] Level 1:colcon.colcon_core.shell:create_environment_hook('traxxas_slam', 'pythonpath_develop')
[4.028s] INFO:colcon.colcon_core.shell:Creating environment hook '/home/outthawazoo/traxxas_ws/build/traxxas_slam/share/traxxas_slam/hook/pythonpath_develop.ps1'
[4.030s] INFO:colcon.colcon_core.shell:Creating environment descriptor '/home/outthawazoo/traxxas_ws/build/traxxas_slam/share/traxxas_slam/hook/pythonpath_develop.dsv'
[4.031s] INFO:colcon.colcon_core.shell:Creating environment hook '/home/outthawazoo/traxxas_ws/build/traxxas_slam/share/traxxas_slam/hook/pythonpath_develop.sh'
[4.034s] DEBUG:colcon.colcon_core.event_handler.log_command:Invoked command in '/home/outthawazoo/traxxas_ws/build/traxxas_slam' returned '0': PYTHONPATH=/home/outthawazoo/traxxas_ws/build/traxxas_slam/prefix_override:/usr/lib/python3/dist-packages/colcon_core/task/python/colcon_distutils_commands:/home/outthawazoo/traxxas_ws/install/traxxas_slam/lib/python3.10/site-packages:${PYTHONPATH} /usr/bin/python3 -W ignore:setup.py install is deprecated -W ignore:easy_install command is deprecated setup.py develop --editable --build-directory /home/outthawazoo/traxxas_ws/build/traxxas_slam/build --no-deps symlink_data
[4.042s] Level 1:colcon.colcon_core.environment:checking '/home/outthawazoo/traxxas_ws/install/traxxas_slam' for CMake module files
[4.043s] Level 1:colcon.colcon_core.environment:checking '/home/outthawazoo/traxxas_ws/install/traxxas_slam' for CMake config files
[4.045s] Level 1:colcon.colcon_core.environment:checking '/home/outthawazoo/traxxas_ws/install/traxxas_slam/lib'
[4.046s] Level 1:colcon.colcon_core.environment:checking '/home/outthawazoo/traxxas_ws/install/traxxas_slam/bin'
[4.046s] Level 1:colcon.colcon_core.environment:checking '/home/outthawazoo/traxxas_ws/install/traxxas_slam/lib/pkgconfig/traxxas_slam.pc'
[4.046s] Level 1:colcon.colcon_core.environment:checking '/home/outthawazoo/traxxas_ws/install/traxxas_slam/lib/python3.10/site-packages'
[4.046s] Level 1:colcon.colcon_core.shell:create_environment_hook('traxxas_slam', 'pythonpath')
[4.047s] INFO:colcon.colcon_core.shell:Creating environment hook '/home/outthawazoo/traxxas_ws/install/traxxas_slam/share/traxxas_slam/hook/pythonpath.ps1'
[4.048s] INFO:colcon.colcon_core.shell:Creating environment descriptor '/home/outthawazoo/traxxas_ws/install/traxxas_slam/share/traxxas_slam/hook/pythonpath.dsv'
[4.049s] INFO:colcon.colcon_core.shell:Creating environment hook '/home/outthawazoo/traxxas_ws/install/traxxas_slam/share/traxxas_slam/hook/pythonpath.sh'
[4.051s] Level 1:colcon.colcon_core.environment:checking '/home/outthawazoo/traxxas_ws/install/traxxas_slam/bin'
[4.051s] Level 1:colcon.colcon_core.environment:create_environment_scripts_only(traxxas_slam)
[4.052s] INFO:colcon.colcon_core.shell:Creating package script '/home/outthawazoo/traxxas_ws/install/traxxas_slam/share/traxxas_slam/package.ps1'
[4.054s] INFO:colcon.colcon_core.shell:Creating package descriptor '/home/outthawazoo/traxxas_ws/install/traxxas_slam/share/traxxas_slam/package.dsv'
[4.055s] INFO:colcon.colcon_core.shell:Creating package script '/home/outthawazoo/traxxas_ws/install/traxxas_slam/share/traxxas_slam/package.sh'
[4.057s] INFO:colcon.colcon_core.shell:Creating package script '/home/outthawazoo/traxxas_ws/install/traxxas_slam/share/traxxas_slam/package.bash'
[4.058s] INFO:colcon.colcon_core.shell:Creating package script '/home/outthawazoo/traxxas_ws/install/traxxas_slam/share/traxxas_slam/package.zsh'
[4.060s] Level 1:colcon.colcon_core.environment:create_file_with_runtime_dependencies(/home/outthawazoo/traxxas_ws/install/traxxas_slam/share/colcon-core/packages/traxxas_slam)
[4.062s] DEBUG:colcon.colcon_parallel_executor.executor.parallel:closing loop
[4.063s] DEBUG:colcon.colcon_parallel_executor.executor.parallel:loop closed
[4.063s] DEBUG:colcon.colcon_parallel_executor.executor.parallel:run_until_complete finished with '0'
[4.063s] DEBUG:colcon.colcon_core.event_reactor:joining thread
[4.075s] INFO:colcon.colcon_core.plugin_system:Skipping extension 'colcon_notification.desktop_notification.terminal_notifier': Not used on non-Darwin systems
[4.076s] INFO:colcon.colcon_core.plugin_system:Skipping extension 'colcon_notification.desktop_notification.win32': Not used on non-Windows systems
[4.076s] INFO:colcon.colcon_notification.desktop_notification:Sending desktop notification using 'notify2'
[4.114s] DEBUG:colcon.colcon_core.event_reactor:joined thread
[4.115s] INFO:colcon.colcon_core.shell:Creating prefix script '/home/outthawazoo/traxxas_ws/install/local_setup.ps1'
[4.117s] INFO:colcon.colcon_core.shell:Creating prefix util module '/home/outthawazoo/traxxas_ws/install/_local_setup_util_ps1.py'
[4.121s] INFO:colcon.colcon_core.shell:Creating prefix chain script '/home/outthawazoo/traxxas_ws/install/setup.ps1'
[4.146s] INFO:colcon.colcon_core.shell:Creating prefix script '/home/outthawazoo/traxxas_ws/install/local_setup.sh'
[4.148s] INFO:colcon.colcon_core.shell:Creating prefix util module '/home/outthawazoo/traxxas_ws/install/_local_setup_util_sh.py'
[4.149s] INFO:colcon.colcon_core.shell:Creating prefix chain script '/home/outthawazoo/traxxas_ws/install/setup.sh'
[4.152s] INFO:colcon.colcon_core.shell:Creating prefix script '/home/outthawazoo/traxxas_ws/install/local_setup.bash'
[4.153s] INFO:colcon.colcon_core.shell:Creating prefix chain script '/home/outthawazoo/traxxas_ws/install/setup.bash'
[4.155s] INFO:colcon.colcon_core.shell:Creating prefix script '/home/outthawazoo/traxxas_ws/install/local_setup.zsh'
[4.157s] INFO:colcon.colcon_core.shell:Creating prefix chain script '/home/outthawazoo/traxxas_ws/install/setup.zsh'
