[0.247s] DEBUG:colcon:Command line arguments: ['/usr/bin/colcon', 'build', '--symlink-install']
[0.247s] DEBUG:colcon:Parsed command line arguments: Namespace(log_base=None, log_level=None, verb_name='build', build_base='build', install_base='install', merge_install=False, symlink_install=True, test_result_base=None, continue_on_error=False, executor='parallel', parallel_workers=6, event_handlers=None, ignore_user_meta=False, metas=['./colcon.meta'], base_paths=['.'], packages_ignore=None, packages_ignore_regex=None, paths=None, packages_up_to=None, packages_up_to_regex=None, packages_above=None, packages_above_and_dependencies=None, packages_above_depth=None, packages_select_by_dep=None, packages_skip_by_dep=None, packages_skip_up_to=None, packages_select_build_failed=False, packages_skip_build_finished=False, packages_select_test_failures=False, packages_skip_test_passed=False, packages_select=None, packages_skip=None, packages_select_regex=None, packages_skip_regex=None, packages_start=None, packages_end=None, allow_overriding=[], cmake_args=None, cmake_target=None, cmake_target_skip_unavailable=False, cmake_clean_cache=False, cmake_clean_first=False, cmake_force_configure=False, ament_cmake_args=None, catkin_cmake_args=None, catkin_skip_building_tests=False, verb_parser=<colcon_defaults.argument_parser.defaults.DefaultArgumentsDecorator object at 0xffffaf2df760>, verb_extension=<colcon_core.verb.build.BuildVerb object at 0xffffaf4dcca0>, main=<bound method BuildVerb.main of <colcon_core.verb.build.BuildVerb object at 0xffffaf4dcca0>>)
[0.635s] Level 1:colcon.colcon_core.package_discovery:discover_packages(colcon_meta) check parameters
[0.635s] Level 1:colcon.colcon_core.package_discovery:discover_packages(recursive) check parameters
[0.635s] Level 1:colcon.colcon_core.package_discovery:discover_packages(ignore) check parameters
[0.635s] Level 1:colcon.colcon_core.package_discovery:discover_packages(path) check parameters
[0.636s] Level 1:colcon.colcon_core.package_discovery:discover_packages(colcon_meta) discover
[0.636s] Level 1:colcon.colcon_core.package_discovery:discover_packages(recursive) discover
[0.636s] INFO:colcon.colcon_core.package_discovery:Crawling recursively for packages in '/home/outthawazoo/traxxas_ws'
[0.636s] Level 1:colcon.colcon_core.package_identification:_identify(.) by extensions ['ignore', 'ignore_ament_install']
[0.636s] Level 1:colcon.colcon_core.package_identification:_identify(.) by extension 'ignore'
[0.636s] Level 1:colcon.colcon_core.package_identification:_identify(.) by extension 'ignore_ament_install'
[0.637s] Level 1:colcon.colcon_core.package_identification:_identify(.) by extensions ['colcon_pkg']
[0.637s] Level 1:colcon.colcon_core.package_identification:_identify(.) by extension 'colcon_pkg'
[0.637s] Level 1:colcon.colcon_core.package_identification:_identify(.) by extensions ['colcon_meta']
[0.637s] Level 1:colcon.colcon_core.package_identification:_identify(.) by extension 'colcon_meta'
[0.637s] Level 1:colcon.colcon_core.package_identification:_identify(.) by extensions ['ros']
[0.637s] Level 1:colcon.colcon_core.package_identification:_identify(.) by extension 'ros'
[0.662s] Level 1:colcon.colcon_core.package_identification:_identify(.) by extensions ['cmake', 'python']
[0.663s] Level 1:colcon.colcon_core.package_identification:_identify(.) by extension 'cmake'
[0.663s] Level 1:colcon.colcon_core.package_identification:_identify(.) by extension 'python'
[0.663s] Level 1:colcon.colcon_core.package_identification:_identify(.) by extensions ['python_setup_py']
[0.663s] Level 1:colcon.colcon_core.package_identification:_identify(.) by extension 'python_setup_py'
[0.663s] Level 1:colcon.colcon_core.package_identification:_identify(build) by extensions ['ignore', 'ignore_ament_install']
[0.664s] Level 1:colcon.colcon_core.package_identification:_identify(build) by extension 'ignore'
[0.664s] Level 1:colcon.colcon_core.package_identification:_identify(build) ignored
[0.664s] Level 1:colcon.colcon_core.package_identification:_identify(install) by extensions ['ignore', 'ignore_ament_install']
[0.664s] Level 1:colcon.colcon_core.package_identification:_identify(install) by extension 'ignore'
[0.664s] Level 1:colcon.colcon_core.package_identification:_identify(install) ignored
[0.665s] Level 1:colcon.colcon_core.package_identification:_identify(log) by extensions ['ignore', 'ignore_ament_install']
[0.665s] Level 1:colcon.colcon_core.package_identification:_identify(log) by extension 'ignore'
[0.665s] Level 1:colcon.colcon_core.package_identification:_identify(log) ignored
[0.665s] Level 1:colcon.colcon_core.package_identification:_identify(src) by extensions ['ignore', 'ignore_ament_install']
[0.665s] Level 1:colcon.colcon_core.package_identification:_identify(src) by extension 'ignore'
[0.665s] Level 1:colcon.colcon_core.package_identification:_identify(src) by extension 'ignore_ament_install'
[0.666s] Level 1:colcon.colcon_core.package_identification:_identify(src) by extensions ['colcon_pkg']
[0.666s] Level 1:colcon.colcon_core.package_identification:_identify(src) by extension 'colcon_pkg'
[0.666s] Level 1:colcon.colcon_core.package_identification:_identify(src) by extensions ['colcon_meta']
[0.666s] Level 1:colcon.colcon_core.package_identification:_identify(src) by extension 'colcon_meta'
[0.666s] Level 1:colcon.colcon_core.package_identification:_identify(src) by extensions ['ros']
[0.666s] Level 1:colcon.colcon_core.package_identification:_identify(src) by extension 'ros'
[0.666s] Level 1:colcon.colcon_core.package_identification:_identify(src) by extensions ['cmake', 'python']
[0.666s] Level 1:colcon.colcon_core.package_identification:_identify(src) by extension 'cmake'
[0.666s] Level 1:colcon.colcon_core.package_identification:_identify(src) by extension 'python'
[0.667s] Level 1:colcon.colcon_core.package_identification:_identify(src) by extensions ['python_setup_py']
[0.667s] Level 1:colcon.colcon_core.package_identification:_identify(src) by extension 'python_setup_py'
[0.667s] Level 1:colcon.colcon_core.package_identification:_identify(src/traxxas_slam) by extensions ['ignore', 'ignore_ament_install']
[0.667s] Level 1:colcon.colcon_core.package_identification:_identify(src/traxxas_slam) by extension 'ignore'
[0.667s] Level 1:colcon.colcon_core.package_identification:_identify(src/traxxas_slam) by extension 'ignore_ament_install'
[0.667s] Level 1:colcon.colcon_core.package_identification:_identify(src/traxxas_slam) by extensions ['colcon_pkg']
[0.667s] Level 1:colcon.colcon_core.package_identification:_identify(src/traxxas_slam) by extension 'colcon_pkg'
[0.668s] Level 1:colcon.colcon_core.package_identification:_identify(src/traxxas_slam) by extensions ['colcon_meta']
[0.668s] Level 1:colcon.colcon_core.package_identification:_identify(src/traxxas_slam) by extension 'colcon_meta'
[0.668s] Level 1:colcon.colcon_core.package_identification:_identify(src/traxxas_slam) by extensions ['ros']
[0.668s] Level 1:colcon.colcon_core.package_identification:_identify(src/traxxas_slam) by extension 'ros'
[0.678s] DEBUG:colcon.colcon_core.package_identification:Package 'src/traxxas_slam' with type 'ros.ament_python' and name 'traxxas_slam'
[0.678s] Level 1:colcon.colcon_core.package_discovery:discover_packages(recursive) using defaults
[0.678s] Level 1:colcon.colcon_core.package_discovery:discover_packages(ignore) discover
[0.678s] Level 1:colcon.colcon_core.package_discovery:discover_packages(ignore) using defaults
[0.678s] Level 1:colcon.colcon_core.package_discovery:discover_packages(path) discover
[0.678s] Level 1:colcon.colcon_core.package_discovery:discover_packages(path) using defaults
[0.752s] Level 1:colcon.colcon_core.package_discovery:discover_packages(prefix_path) check parameters
[0.752s] Level 1:colcon.colcon_core.package_discovery:discover_packages(prefix_path) discover
[0.756s] DEBUG:colcon.colcon_installed_package_information.package_discovery:Found 1 installed packages in /home/outthawazoo/traxxas_ws/install
[0.759s] DEBUG:colcon.colcon_installed_package_information.package_discovery:Found 329 installed packages in /opt/ros/humble
[0.762s] Level 1:colcon.colcon_core.package_discovery:discover_packages(prefix_path) using defaults
[0.859s] Level 5:colcon.colcon_core.verb:set package 'traxxas_slam' build argument 'cmake_args' from command line to 'None'
[0.859s] Level 5:colcon.colcon_core.verb:set package 'traxxas_slam' build argument 'cmake_target' from command line to 'None'
[0.859s] Level 5:colcon.colcon_core.verb:set package 'traxxas_slam' build argument 'cmake_target_skip_unavailable' from command line to 'False'
[0.859s] Level 5:colcon.colcon_core.verb:set package 'traxxas_slam' build argument 'cmake_clean_cache' from command line to 'False'
[0.860s] Level 5:colcon.colcon_core.verb:set package 'traxxas_slam' build argument 'cmake_clean_first' from command line to 'False'
[0.860s] Level 5:colcon.colcon_core.verb:set package 'traxxas_slam' build argument 'cmake_force_configure' from command line to 'False'
[0.860s] Level 5:colcon.colcon_core.verb:set package 'traxxas_slam' build argument 'ament_cmake_args' from command line to 'None'
[0.860s] Level 5:colcon.colcon_core.verb:set package 'traxxas_slam' build argument 'catkin_cmake_args' from command line to 'None'
[0.860s] Level 5:colcon.colcon_core.verb:set package 'traxxas_slam' build argument 'catkin_skip_building_tests' from command line to 'False'
[0.860s] DEBUG:colcon.colcon_core.verb:Building package 'traxxas_slam' with the following arguments: {'ament_cmake_args': None, 'build_base': '/home/outthawazoo/traxxas_ws/build/traxxas_slam', 'catkin_cmake_args': None, 'catkin_skip_building_tests': False, 'cmake_args': None, 'cmake_clean_cache': False, 'cmake_clean_first': False, 'cmake_force_configure': False, 'cmake_target': None, 'cmake_target_skip_unavailable': False, 'install_base': '/home/outthawazoo/traxxas_ws/install/traxxas_slam', 'merge_install': False, 'path': '/home/outthawazoo/traxxas_ws/src/traxxas_slam', 'symlink_install': True, 'test_result_base': None}
[0.860s] INFO:colcon.colcon_core.executor:Executing jobs using 'parallel' executor
[0.863s] DEBUG:colcon.colcon_parallel_executor.executor.parallel:run_until_complete
[0.864s] INFO:colcon.colcon_ros.task.ament_python.build:Building ROS package in '/home/outthawazoo/traxxas_ws/src/traxxas_slam' with build type 'ament_python'
[0.864s] Level 1:colcon.colcon_core.shell:create_environment_hook('traxxas_slam', 'ament_prefix_path')
[0.868s] INFO:colcon.colcon_core.plugin_system:Skipping extension 'colcon_core.shell.bat': Not used on non-Windows systems
[0.869s] INFO:colcon.colcon_core.shell:Creating environment hook '/home/outthawazoo/traxxas_ws/install/traxxas_slam/share/traxxas_slam/hook/ament_prefix_path.ps1'
[0.871s] INFO:colcon.colcon_core.shell:Creating environment descriptor '/home/outthawazoo/traxxas_ws/install/traxxas_slam/share/traxxas_slam/hook/ament_prefix_path.dsv'
[0.872s] INFO:colcon.colcon_core.shell:Creating environment hook '/home/outthawazoo/traxxas_ws/install/traxxas_slam/share/traxxas_slam/hook/ament_prefix_path.sh'
[0.873s] INFO:colcon.colcon_core.shell:Skip shell extension 'powershell' for command environment: Not usable outside of PowerShell
[0.874s] DEBUG:colcon.colcon_core.shell:Skip shell extension 'dsv' for command environment
[1.477s] INFO:colcon.colcon_core.task.python.build:Building Python package in '/home/outthawazoo/traxxas_ws/src/traxxas_slam'
[1.478s] INFO:colcon.colcon_core.shell:Skip shell extension 'powershell' for command environment: Not usable outside of PowerShell
[1.478s] DEBUG:colcon.colcon_core.shell:Skip shell extension 'dsv' for command environment
[2.327s] DEBUG:colcon.colcon_core.event_handler.log_command:Invoking command in '/home/outthawazoo/traxxas_ws/build/traxxas_slam': PYTHONPATH=/home/outthawazoo/traxxas_ws/build/traxxas_slam/prefix_override:/usr/lib/python3/dist-packages/colcon_core/task/python/colcon_distutils_commands:/home/outthawazoo/traxxas_ws/install/traxxas_slam/lib/python3.10/site-packages:${PYTHONPATH} /usr/bin/python3 -W ignore:setup.py install is deprecated -W ignore:easy_install command is deprecated setup.py develop --editable --build-directory /home/outthawazoo/traxxas_ws/build/traxxas_slam/build --no-deps symlink_data
[3.390s] Level 1:colcon.colcon_core.shell:create_environment_hook('traxxas_slam', 'pythonpath_develop')
[3.392s] INFO:colcon.colcon_core.shell:Creating environment hook '/home/outthawazoo/traxxas_ws/build/traxxas_slam/share/traxxas_slam/hook/pythonpath_develop.ps1'
[3.393s] DEBUG:colcon.colcon_core.event_handler.log_command:Invoked command in '/home/outthawazoo/traxxas_ws/build/traxxas_slam' returned '0': PYTHONPATH=/home/outthawazoo/traxxas_ws/build/traxxas_slam/prefix_override:/usr/lib/python3/dist-packages/colcon_core/task/python/colcon_distutils_commands:/home/outthawazoo/traxxas_ws/install/traxxas_slam/lib/python3.10/site-packages:${PYTHONPATH} /usr/bin/python3 -W ignore:setup.py install is deprecated -W ignore:easy_install command is deprecated setup.py develop --editable --build-directory /home/outthawazoo/traxxas_ws/build/traxxas_slam/build --no-deps symlink_data
[3.395s] INFO:colcon.colcon_core.shell:Creating environment descriptor '/home/outthawazoo/traxxas_ws/build/traxxas_slam/share/traxxas_slam/hook/pythonpath_develop.dsv'
[3.397s] INFO:colcon.colcon_core.shell:Creating environment hook '/home/outthawazoo/traxxas_ws/build/traxxas_slam/share/traxxas_slam/hook/pythonpath_develop.sh'
[3.407s] Level 1:colcon.colcon_core.environment:checking '/home/outthawazoo/traxxas_ws/install/traxxas_slam' for CMake module files
[3.408s] Level 1:colcon.colcon_core.environment:checking '/home/outthawazoo/traxxas_ws/install/traxxas_slam' for CMake config files
[3.411s] Level 1:colcon.colcon_core.environment:checking '/home/outthawazoo/traxxas_ws/install/traxxas_slam/lib'
[3.412s] Level 1:colcon.colcon_core.environment:checking '/home/outthawazoo/traxxas_ws/install/traxxas_slam/bin'
[3.412s] Level 1:colcon.colcon_core.environment:checking '/home/outthawazoo/traxxas_ws/install/traxxas_slam/lib/pkgconfig/traxxas_slam.pc'
[3.413s] Level 1:colcon.colcon_core.environment:checking '/home/outthawazoo/traxxas_ws/install/traxxas_slam/lib/python3.10/site-packages'
[3.413s] Level 1:colcon.colcon_core.shell:create_environment_hook('traxxas_slam', 'pythonpath')
[3.414s] INFO:colcon.colcon_core.shell:Creating environment hook '/home/outthawazoo/traxxas_ws/install/traxxas_slam/share/traxxas_slam/hook/pythonpath.ps1'
[3.416s] INFO:colcon.colcon_core.shell:Creating environment descriptor '/home/outthawazoo/traxxas_ws/install/traxxas_slam/share/traxxas_slam/hook/pythonpath.dsv'
[3.417s] INFO:colcon.colcon_core.shell:Creating environment hook '/home/outthawazoo/traxxas_ws/install/traxxas_slam/share/traxxas_slam/hook/pythonpath.sh'
[3.420s] Level 1:colcon.colcon_core.environment:checking '/home/outthawazoo/traxxas_ws/install/traxxas_slam/bin'
[3.420s] Level 1:colcon.colcon_core.environment:create_environment_scripts_only(traxxas_slam)
[3.421s] INFO:colcon.colcon_core.shell:Creating package script '/home/outthawazoo/traxxas_ws/install/traxxas_slam/share/traxxas_slam/package.ps1'
[3.426s] INFO:colcon.colcon_core.shell:Creating package descriptor '/home/outthawazoo/traxxas_ws/install/traxxas_slam/share/traxxas_slam/package.dsv'
[3.428s] INFO:colcon.colcon_core.shell:Creating package script '/home/outthawazoo/traxxas_ws/install/traxxas_slam/share/traxxas_slam/package.sh'
[3.431s] INFO:colcon.colcon_core.shell:Creating package script '/home/outthawazoo/traxxas_ws/install/traxxas_slam/share/traxxas_slam/package.bash'
[3.435s] INFO:colcon.colcon_core.shell:Creating package script '/home/outthawazoo/traxxas_ws/install/traxxas_slam/share/traxxas_slam/package.zsh'
[3.437s] Level 1:colcon.colcon_core.environment:create_file_with_runtime_dependencies(/home/outthawazoo/traxxas_ws/install/traxxas_slam/share/colcon-core/packages/traxxas_slam)
[3.438s] DEBUG:colcon.colcon_parallel_executor.executor.parallel:closing loop
[3.440s] DEBUG:colcon.colcon_parallel_executor.executor.parallel:loop closed
[3.440s] DEBUG:colcon.colcon_parallel_executor.executor.parallel:run_until_complete finished with '0'
[3.440s] DEBUG:colcon.colcon_core.event_reactor:joining thread
[3.441s] DEBUG:colcon.colcon_core.event_reactor:joined thread
[3.443s] INFO:colcon.colcon_core.shell:Creating prefix script '/home/outthawazoo/traxxas_ws/install/local_setup.ps1'
[3.447s] INFO:colcon.colcon_core.shell:Creating prefix util module '/home/outthawazoo/traxxas_ws/install/_local_setup_util_ps1.py'
[3.453s] INFO:colcon.colcon_core.shell:Creating prefix chain script '/home/outthawazoo/traxxas_ws/install/setup.ps1'
[3.458s] INFO:colcon.colcon_core.shell:Creating prefix script '/home/outthawazoo/traxxas_ws/install/local_setup.sh'
[3.460s] INFO:colcon.colcon_core.shell:Creating prefix util module '/home/outthawazoo/traxxas_ws/install/_local_setup_util_sh.py'
[3.462s] INFO:colcon.colcon_core.shell:Creating prefix chain script '/home/outthawazoo/traxxas_ws/install/setup.sh'
[3.466s] INFO:colcon.colcon_core.shell:Creating prefix script '/home/outthawazoo/traxxas_ws/install/local_setup.bash'
[3.468s] INFO:colcon.colcon_core.shell:Creating prefix chain script '/home/outthawazoo/traxxas_ws/install/setup.bash'
[3.472s] INFO:colcon.colcon_core.shell:Creating prefix script '/home/outthawazoo/traxxas_ws/install/local_setup.zsh'
[3.473s] INFO:colcon.colcon_core.shell:Creating prefix chain script '/home/outthawazoo/traxxas_ws/install/setup.zsh'
