running develop
running egg_info
creating traxxas_slam.egg-info
writing traxxas_slam.egg-info/PKG-INFO
writing dependency_links to traxxas_slam.egg-info/dependency_links.txt
writing entry points to traxxas_slam.egg-info/entry_points.txt
writing requirements to traxxas_slam.egg-info/requires.txt
writing top-level names to traxxas_slam.egg-info/top_level.txt
writing manifest file 'traxxas_slam.egg-info/SOURCES.txt'
reading manifest file 'traxxas_slam.egg-info/SOURCES.txt'
writing manifest file 'traxxas_slam.egg-info/SOURCES.txt'
running build_ext
Creating /home/outthawazoo/traxxas_ws/install/traxxas_slam/lib/python3.10/site-packages/traxxas-slam.egg-link (link to .)

Installed /home/outthawazoo/traxxas_ws/build/traxxas_slam
running symlink_data
creating /home/outthawazoo/traxxas_ws/install/traxxas_slam/share/ament_index
creating /home/outthawazoo/traxxas_ws/install/traxxas_slam/share/ament_index/resource_index
creating /home/outthawazoo/traxxas_ws/install/traxxas_slam/share/ament_index/resource_index/packages
symbolically linking /home/outthawazoo/traxxas_ws/build/traxxas_slam/resource/traxxas_slam -> /home/outthawazoo/traxxas_ws/install/traxxas_slam/share/ament_index/resource_index/packages
symbolically linking /home/outthawazoo/traxxas_ws/build/traxxas_slam/package.xml -> /home/outthawazoo/traxxas_ws/install/traxxas_slam/share/traxxas_slam
creating /home/outthawazoo/traxxas_ws/install/traxxas_slam/share/traxxas_slam/config
symbolically linking /home/outthawazoo/traxxas_ws/build/traxxas_slam/config/cartographer.lua -> /home/outthawazoo/traxxas_ws/install/traxxas_slam/share/traxxas_slam/config
creating /home/outthawazoo/traxxas_ws/install/traxxas_slam/share/traxxas_slam/launch
symbolically linking /home/outthawazoo/traxxas_ws/build/traxxas_slam/launch/nav2_launch.py -> /home/outthawazoo/traxxas_ws/install/traxxas_slam/share/traxxas_slam/launch
symbolically linking /home/outthawazoo/traxxas_ws/build/traxxas_slam/launch/slam_launch.py -> /home/outthawazoo/traxxas_ws/install/traxxas_slam/share/traxxas_slam/launch
