[1.615s] Invoking command in '/home/outthawazoo/traxxas_ws/build/traxxas_slam': PYTHONPATH=/home/outthawazoo/traxxas_ws/build/traxxas_slam/prefix_override:/usr/lib/python3/dist-packages/colcon_core/task/python/colcon_distutils_commands:/home/outthawazoo/traxxas_ws/install/traxxas_slam/lib/python3.10/site-packages:${PYTHONPATH} /usr/bin/python3 -W ignore:setup.py install is deprecated -W ignore:easy_install command is deprecated setup.py develop --editable --build-directory /home/outthawazoo/traxxas_ws/build/traxxas_slam/build --no-deps symlink_data
[2.455s] running develop
[2.946s] running egg_info
[2.947s] creating traxxas_slam.egg-info
[2.947s] writing traxxas_slam.egg-info/PKG-INFO
[2.947s] writing dependency_links to traxxas_slam.egg-info/dependency_links.txt
[2.948s] writing entry points to traxxas_slam.egg-info/entry_points.txt
[2.948s] writing requirements to traxxas_slam.egg-info/requires.txt
[2.948s] writing top-level names to traxxas_slam.egg-info/top_level.txt
[2.951s] writing manifest file 'traxxas_slam.egg-info/SOURCES.txt'
[2.953s] reading manifest file 'traxxas_slam.egg-info/SOURCES.txt'
[2.954s] writing manifest file 'traxxas_slam.egg-info/SOURCES.txt'
[2.961s] running build_ext
[2.961s] Creating /home/outthawazoo/traxxas_ws/install/traxxas_slam/lib/python3.10/site-packages/traxxas-slam.egg-link (link to .)
[2.961s] 
[2.962s] Installed /home/outthawazoo/traxxas_ws/build/traxxas_slam
[2.962s] running symlink_data
[2.963s] creating /home/outthawazoo/traxxas_ws/install/traxxas_slam/share/ament_index
[2.963s] creating /home/outthawazoo/traxxas_ws/install/traxxas_slam/share/ament_index/resource_index
[2.963s] creating /home/outthawazoo/traxxas_ws/install/traxxas_slam/share/ament_index/resource_index/packages
[2.963s] symbolically linking /home/outthawazoo/traxxas_ws/build/traxxas_slam/resource/traxxas_slam -> /home/outthawazoo/traxxas_ws/install/traxxas_slam/share/ament_index/resource_index/packages
[2.964s] symbolically linking /home/outthawazoo/traxxas_ws/build/traxxas_slam/package.xml -> /home/outthawazoo/traxxas_ws/install/traxxas_slam/share/traxxas_slam
[2.964s] creating /home/outthawazoo/traxxas_ws/install/traxxas_slam/share/traxxas_slam/config
[2.964s] symbolically linking /home/outthawazoo/traxxas_ws/build/traxxas_slam/config/cartographer.lua -> /home/outthawazoo/traxxas_ws/install/traxxas_slam/share/traxxas_slam/config
[2.964s] creating /home/outthawazoo/traxxas_ws/install/traxxas_slam/share/traxxas_slam/launch
[2.964s] symbolically linking /home/outthawazoo/traxxas_ws/build/traxxas_slam/launch/nav2_launch.py -> /home/outthawazoo/traxxas_ws/install/traxxas_slam/share/traxxas_slam/launch
[2.964s] symbolically linking /home/outthawazoo/traxxas_ws/build/traxxas_slam/launch/slam_launch.py -> /home/outthawazoo/traxxas_ws/install/traxxas_slam/share/traxxas_slam/launch
[3.063s] Invoked command in '/home/outthawazoo/traxxas_ws/build/traxxas_slam' returned '0': PYTHONPATH=/home/outthawazoo/traxxas_ws/build/traxxas_slam/prefix_override:/usr/lib/python3/dist-packages/colcon_core/task/python/colcon_distutils_commands:/home/outthawazoo/traxxas_ws/install/traxxas_slam/lib/python3.10/site-packages:${PYTHONPATH} /usr/bin/python3 -W ignore:setup.py install is deprecated -W ignore:easy_install command is deprecated setup.py develop --editable --build-directory /home/outthawazoo/traxxas_ws/build/traxxas_slam/build --no-deps symlink_data
