[0.434s] DEBUG:colcon:Command line arguments: ['/usr/bin/colcon', 'build', '--symlink-install']
[0.434s] DEBUG:colcon:Parsed command line arguments: Namespace(log_base=None, log_level=None, verb_name='build', build_base='build', install_base='install', merge_install=False, symlink_install=True, test_result_base=None, continue_on_error=False, executor='parallel', parallel_workers=6, event_handlers=None, ignore_user_meta=False, metas=['./colcon.meta'], base_paths=['.'], packages_ignore=None, packages_ignore_regex=None, paths=None, packages_up_to=None, packages_up_to_regex=None, packages_above=None, packages_above_and_dependencies=None, packages_above_depth=None, packages_select_by_dep=None, packages_skip_by_dep=None, packages_skip_up_to=None, packages_select_build_failed=False, packages_skip_build_finished=False, packages_select_test_failures=False, packages_skip_test_passed=False, packages_select=None, packages_skip=None, packages_select_regex=None, packages_skip_regex=None, packages_start=None, packages_end=None, allow_overriding=[], cmake_args=None, cmake_target=None, cmake_target_skip_unavailable=False, cmake_clean_cache=False, cmake_clean_first=False, cmake_force_configure=False, ament_cmake_args=None, catkin_cmake_args=None, catkin_skip_building_tests=False, verb_parser=<colcon_defaults.argument_parser.defaults.DefaultArgumentsDecorator object at 0xffff7ff47c10>, verb_extension=<colcon_core.verb.build.BuildVerb object at 0xffff80135090>, main=<bound method BuildVerb.main of <colcon_core.verb.build.BuildVerb object at 0xffff80135090>>)
[1.287s] Level 1:colcon.colcon_core.package_discovery:discover_packages(colcon_meta) check parameters
[1.287s] Level 1:colcon.colcon_core.package_discovery:discover_packages(recursive) check parameters
[1.287s] Level 1:colcon.colcon_core.package_discovery:discover_packages(ignore) check parameters
[1.287s] Level 1:colcon.colcon_core.package_discovery:discover_packages(path) check parameters
[1.287s] Level 1:colcon.colcon_core.package_discovery:discover_packages(colcon_meta) discover
[1.288s] Level 1:colcon.colcon_core.package_discovery:discover_packages(recursive) discover
[1.288s] INFO:colcon.colcon_core.package_discovery:Crawling recursively for packages in '/home/outthawazoo/traxxas_ws'
[1.288s] Level 1:colcon.colcon_core.package_identification:_identify(.) by extensions ['ignore', 'ignore_ament_install']
[1.288s] Level 1:colcon.colcon_core.package_identification:_identify(.) by extension 'ignore'
[1.288s] Level 1:colcon.colcon_core.package_identification:_identify(.) by extension 'ignore_ament_install'
[1.289s] Level 1:colcon.colcon_core.package_identification:_identify(.) by extensions ['colcon_pkg']
[1.289s] Level 1:colcon.colcon_core.package_identification:_identify(.) by extension 'colcon_pkg'
[1.289s] Level 1:colcon.colcon_core.package_identification:_identify(.) by extensions ['colcon_meta']
[1.289s] Level 1:colcon.colcon_core.package_identification:_identify(.) by extension 'colcon_meta'
[1.289s] Level 1:colcon.colcon_core.package_identification:_identify(.) by extensions ['ros']
[1.289s] Level 1:colcon.colcon_core.package_identification:_identify(.) by extension 'ros'
[1.329s] Level 1:colcon.colcon_core.package_identification:_identify(.) by extensions ['cmake', 'python']
[1.330s] Level 1:colcon.colcon_core.package_identification:_identify(.) by extension 'cmake'
[1.330s] Level 1:colcon.colcon_core.package_identification:_identify(.) by extension 'python'
[1.330s] Level 1:colcon.colcon_core.package_identification:_identify(.) by extensions ['python_setup_py']
[1.330s] Level 1:colcon.colcon_core.package_identification:_identify(.) by extension 'python_setup_py'
[1.330s] Level 1:colcon.colcon_core.package_identification:_identify(build) by extensions ['ignore', 'ignore_ament_install']
[1.331s] Level 1:colcon.colcon_core.package_identification:_identify(build) by extension 'ignore'
[1.331s] Level 1:colcon.colcon_core.package_identification:_identify(build) ignored
[1.331s] Level 1:colcon.colcon_core.package_identification:_identify(install) by extensions ['ignore', 'ignore_ament_install']
[1.331s] Level 1:colcon.colcon_core.package_identification:_identify(install) by extension 'ignore'
[1.331s] Level 1:colcon.colcon_core.package_identification:_identify(install) ignored
[1.332s] Level 1:colcon.colcon_core.package_identification:_identify(log) by extensions ['ignore', 'ignore_ament_install']
[1.332s] Level 1:colcon.colcon_core.package_identification:_identify(log) by extension 'ignore'
[1.332s] Level 1:colcon.colcon_core.package_identification:_identify(log) ignored
[1.334s] Level 1:colcon.colcon_core.package_identification:_identify(src) by extensions ['ignore', 'ignore_ament_install']
[1.334s] Level 1:colcon.colcon_core.package_identification:_identify(src) by extension 'ignore'
[1.334s] Level 1:colcon.colcon_core.package_identification:_identify(src) by extension 'ignore_ament_install'
[1.334s] Level 1:colcon.colcon_core.package_identification:_identify(src) by extensions ['colcon_pkg']
[1.335s] Level 1:colcon.colcon_core.package_identification:_identify(src) by extension 'colcon_pkg'
[1.335s] Level 1:colcon.colcon_core.package_identification:_identify(src) by extensions ['colcon_meta']
[1.335s] Level 1:colcon.colcon_core.package_identification:_identify(src) by extension 'colcon_meta'
[1.335s] Level 1:colcon.colcon_core.package_identification:_identify(src) by extensions ['ros']
[1.335s] Level 1:colcon.colcon_core.package_identification:_identify(src) by extension 'ros'
[1.335s] Level 1:colcon.colcon_core.package_identification:_identify(src) by extensions ['cmake', 'python']
[1.335s] Level 1:colcon.colcon_core.package_identification:_identify(src) by extension 'cmake'
[1.335s] Level 1:colcon.colcon_core.package_identification:_identify(src) by extension 'python'
[1.335s] Level 1:colcon.colcon_core.package_identification:_identify(src) by extensions ['python_setup_py']
[1.335s] Level 1:colcon.colcon_core.package_identification:_identify(src) by extension 'python_setup_py'
[1.336s] Level 1:colcon.colcon_core.package_identification:_identify(src/traxxas_slam) by extensions ['ignore', 'ignore_ament_install']
[1.336s] Level 1:colcon.colcon_core.package_identification:_identify(src/traxxas_slam) by extension 'ignore'
[1.336s] Level 1:colcon.colcon_core.package_identification:_identify(src/traxxas_slam) by extension 'ignore_ament_install'
[1.337s] Level 1:colcon.colcon_core.package_identification:_identify(src/traxxas_slam) by extensions ['colcon_pkg']
[1.337s] Level 1:colcon.colcon_core.package_identification:_identify(src/traxxas_slam) by extension 'colcon_pkg'
[1.337s] Level 1:colcon.colcon_core.package_identification:_identify(src/traxxas_slam) by extensions ['colcon_meta']
[1.337s] Level 1:colcon.colcon_core.package_identification:_identify(src/traxxas_slam) by extension 'colcon_meta'
[1.337s] Level 1:colcon.colcon_core.package_identification:_identify(src/traxxas_slam) by extensions ['ros']
[1.337s] Level 1:colcon.colcon_core.package_identification:_identify(src/traxxas_slam) by extension 'ros'
[1.346s] DEBUG:colcon.colcon_core.package_identification:Package 'src/traxxas_slam' with type 'ros.ament_python' and name 'traxxas_slam'
[1.347s] Level 1:colcon.colcon_core.package_discovery:discover_packages(recursive) using defaults
[1.347s] Level 1:colcon.colcon_core.package_discovery:discover_packages(ignore) discover
[1.347s] Level 1:colcon.colcon_core.package_discovery:discover_packages(ignore) using defaults
[1.347s] Level 1:colcon.colcon_core.package_discovery:discover_packages(path) discover
[1.347s] Level 1:colcon.colcon_core.package_discovery:discover_packages(path) using defaults
[1.431s] Level 1:colcon.colcon_core.package_discovery:discover_packages(prefix_path) check parameters
[1.431s] Level 1:colcon.colcon_core.package_discovery:discover_packages(prefix_path) discover
[1.439s] DEBUG:colcon.colcon_installed_package_information.package_discovery:Found 1 installed packages in /home/outthawazoo/traxxas_ws/install
[1.443s] DEBUG:colcon.colcon_installed_package_information.package_discovery:Found 320 installed packages in /opt/ros/humble
[1.479s] Level 1:colcon.colcon_core.package_discovery:discover_packages(prefix_path) using defaults
[1.580s] Level 5:colcon.colcon_core.verb:set package 'traxxas_slam' build argument 'cmake_args' from command line to 'None'
[1.580s] Level 5:colcon.colcon_core.verb:set package 'traxxas_slam' build argument 'cmake_target' from command line to 'None'
[1.580s] Level 5:colcon.colcon_core.verb:set package 'traxxas_slam' build argument 'cmake_target_skip_unavailable' from command line to 'False'
[1.580s] Level 5:colcon.colcon_core.verb:set package 'traxxas_slam' build argument 'cmake_clean_cache' from command line to 'False'
[1.580s] Level 5:colcon.colcon_core.verb:set package 'traxxas_slam' build argument 'cmake_clean_first' from command line to 'False'
[1.580s] Level 5:colcon.colcon_core.verb:set package 'traxxas_slam' build argument 'cmake_force_configure' from command line to 'False'
[1.580s] Level 5:colcon.colcon_core.verb:set package 'traxxas_slam' build argument 'ament_cmake_args' from command line to 'None'
[1.581s] Level 5:colcon.colcon_core.verb:set package 'traxxas_slam' build argument 'catkin_cmake_args' from command line to 'None'
[1.581s] Level 5:colcon.colcon_core.verb:set package 'traxxas_slam' build argument 'catkin_skip_building_tests' from command line to 'False'
[1.581s] DEBUG:colcon.colcon_core.verb:Building package 'traxxas_slam' with the following arguments: {'ament_cmake_args': None, 'build_base': '/home/outthawazoo/traxxas_ws/build/traxxas_slam', 'catkin_cmake_args': None, 'catkin_skip_building_tests': False, 'cmake_args': None, 'cmake_clean_cache': False, 'cmake_clean_first': False, 'cmake_force_configure': False, 'cmake_target': None, 'cmake_target_skip_unavailable': False, 'install_base': '/home/outthawazoo/traxxas_ws/install/traxxas_slam', 'merge_install': False, 'path': '/home/outthawazoo/traxxas_ws/src/traxxas_slam', 'symlink_install': True, 'test_result_base': None}
[1.581s] INFO:colcon.colcon_core.executor:Executing jobs using 'parallel' executor
[1.584s] DEBUG:colcon.colcon_parallel_executor.executor.parallel:run_until_complete
[1.584s] INFO:colcon.colcon_ros.task.ament_python.build:Building ROS package in '/home/outthawazoo/traxxas_ws/src/traxxas_slam' with build type 'ament_python'
[1.585s] Level 1:colcon.colcon_core.shell:create_environment_hook('traxxas_slam', 'ament_prefix_path')
[1.595s] INFO:colcon.colcon_core.plugin_system:Skipping extension 'colcon_core.shell.bat': Not used on non-Windows systems
[1.595s] INFO:colcon.colcon_core.shell:Creating environment hook '/home/outthawazoo/traxxas_ws/install/traxxas_slam/share/traxxas_slam/hook/ament_prefix_path.ps1'
[1.598s] INFO:colcon.colcon_core.shell:Creating environment descriptor '/home/outthawazoo/traxxas_ws/install/traxxas_slam/share/traxxas_slam/hook/ament_prefix_path.dsv'
[1.600s] INFO:colcon.colcon_core.shell:Creating environment hook '/home/outthawazoo/traxxas_ws/install/traxxas_slam/share/traxxas_slam/hook/ament_prefix_path.sh'
[1.603s] INFO:colcon.colcon_core.shell:Skip shell extension 'powershell' for command environment: Not usable outside of PowerShell
[1.603s] DEBUG:colcon.colcon_core.shell:Skip shell extension 'dsv' for command environment
[2.220s] INFO:colcon.colcon_core.task.python.build:Building Python package in '/home/outthawazoo/traxxas_ws/src/traxxas_slam'
[2.220s] INFO:colcon.colcon_core.shell:Skip shell extension 'powershell' for command environment: Not usable outside of PowerShell
[2.221s] DEBUG:colcon.colcon_core.shell:Skip shell extension 'dsv' for command environment
[3.088s] DEBUG:colcon.colcon_core.event_handler.log_command:Invoking command in '/home/outthawazoo/traxxas_ws/build/traxxas_slam': PYTHONPATH=/home/outthawazoo/traxxas_ws/build/traxxas_slam/prefix_override:/usr/lib/python3/dist-packages/colcon_core/task/python/colcon_distutils_commands:/home/outthawazoo/traxxas_ws/install/traxxas_slam/lib/python3.10/site-packages:${PYTHONPATH} /usr/bin/python3 -W ignore:setup.py install is deprecated -W ignore:easy_install command is deprecated setup.py develop --editable --build-directory /home/outthawazoo/traxxas_ws/build/traxxas_slam/build --no-deps symlink_data
[4.190s] Level 1:colcon.colcon_core.shell:create_environment_hook('traxxas_slam', 'pythonpath_develop')
[4.191s] INFO:colcon.colcon_core.shell:Creating environment hook '/home/outthawazoo/traxxas_ws/build/traxxas_slam/share/traxxas_slam/hook/pythonpath_develop.ps1'
[4.192s] DEBUG:colcon.colcon_core.event_handler.log_command:Invoked command in '/home/outthawazoo/traxxas_ws/build/traxxas_slam' returned '0': PYTHONPATH=/home/outthawazoo/traxxas_ws/build/traxxas_slam/prefix_override:/usr/lib/python3/dist-packages/colcon_core/task/python/colcon_distutils_commands:/home/outthawazoo/traxxas_ws/install/traxxas_slam/lib/python3.10/site-packages:${PYTHONPATH} /usr/bin/python3 -W ignore:setup.py install is deprecated -W ignore:easy_install command is deprecated setup.py develop --editable --build-directory /home/outthawazoo/traxxas_ws/build/traxxas_slam/build --no-deps symlink_data
[4.196s] INFO:colcon.colcon_core.shell:Creating environment descriptor '/home/outthawazoo/traxxas_ws/build/traxxas_slam/share/traxxas_slam/hook/pythonpath_develop.dsv'
[4.197s] INFO:colcon.colcon_core.shell:Creating environment hook '/home/outthawazoo/traxxas_ws/build/traxxas_slam/share/traxxas_slam/hook/pythonpath_develop.sh'
[4.217s] Level 1:colcon.colcon_core.environment:checking '/home/outthawazoo/traxxas_ws/install/traxxas_slam' for CMake module files
[4.220s] Level 1:colcon.colcon_core.environment:checking '/home/outthawazoo/traxxas_ws/install/traxxas_slam' for CMake config files
[4.224s] Level 1:colcon.colcon_core.environment:checking '/home/outthawazoo/traxxas_ws/install/traxxas_slam/lib'
[4.224s] Level 1:colcon.colcon_core.environment:checking '/home/outthawazoo/traxxas_ws/install/traxxas_slam/bin'
[4.225s] Level 1:colcon.colcon_core.environment:checking '/home/outthawazoo/traxxas_ws/install/traxxas_slam/lib/pkgconfig/traxxas_slam.pc'
[4.226s] Level 1:colcon.colcon_core.environment:checking '/home/outthawazoo/traxxas_ws/install/traxxas_slam/lib/python3.10/site-packages'
[4.226s] Level 1:colcon.colcon_core.shell:create_environment_hook('traxxas_slam', 'pythonpath')
[4.227s] INFO:colcon.colcon_core.shell:Creating environment hook '/home/outthawazoo/traxxas_ws/install/traxxas_slam/share/traxxas_slam/hook/pythonpath.ps1'
[4.229s] INFO:colcon.colcon_core.shell:Creating environment descriptor '/home/outthawazoo/traxxas_ws/install/traxxas_slam/share/traxxas_slam/hook/pythonpath.dsv'
[4.231s] INFO:colcon.colcon_core.shell:Creating environment hook '/home/outthawazoo/traxxas_ws/install/traxxas_slam/share/traxxas_slam/hook/pythonpath.sh'
[4.234s] Level 1:colcon.colcon_core.environment:checking '/home/outthawazoo/traxxas_ws/install/traxxas_slam/bin'
[4.234s] Level 1:colcon.colcon_core.environment:create_environment_scripts_only(traxxas_slam)
[4.236s] INFO:colcon.colcon_core.shell:Creating package script '/home/outthawazoo/traxxas_ws/install/traxxas_slam/share/traxxas_slam/package.ps1'
[4.240s] INFO:colcon.colcon_core.shell:Creating package descriptor '/home/outthawazoo/traxxas_ws/install/traxxas_slam/share/traxxas_slam/package.dsv'
[4.243s] INFO:colcon.colcon_core.shell:Creating package script '/home/outthawazoo/traxxas_ws/install/traxxas_slam/share/traxxas_slam/package.sh'
[4.246s] INFO:colcon.colcon_core.shell:Creating package script '/home/outthawazoo/traxxas_ws/install/traxxas_slam/share/traxxas_slam/package.bash'
[4.251s] INFO:colcon.colcon_core.shell:Creating package script '/home/outthawazoo/traxxas_ws/install/traxxas_slam/share/traxxas_slam/package.zsh'
[4.254s] Level 1:colcon.colcon_core.environment:create_file_with_runtime_dependencies(/home/outthawazoo/traxxas_ws/install/traxxas_slam/share/colcon-core/packages/traxxas_slam)
[4.255s] DEBUG:colcon.colcon_parallel_executor.executor.parallel:closing loop
[4.256s] DEBUG:colcon.colcon_parallel_executor.executor.parallel:loop closed
[4.257s] DEBUG:colcon.colcon_parallel_executor.executor.parallel:run_until_complete finished with '0'
[4.257s] DEBUG:colcon.colcon_core.event_reactor:joining thread
[4.283s] INFO:colcon.colcon_core.plugin_system:Skipping extension 'colcon_notification.desktop_notification.terminal_notifier': Not used on non-Darwin systems
[4.284s] INFO:colcon.colcon_core.plugin_system:Skipping extension 'colcon_notification.desktop_notification.win32': Not used on non-Windows systems
[4.284s] INFO:colcon.colcon_notification.desktop_notification:Sending desktop notification using 'notify2'
[4.412s] DEBUG:colcon.colcon_core.event_reactor:joined thread
[4.413s] INFO:colcon.colcon_core.shell:Creating prefix script '/home/outthawazoo/traxxas_ws/install/local_setup.ps1'
[4.418s] INFO:colcon.colcon_core.shell:Creating prefix util module '/home/outthawazoo/traxxas_ws/install/_local_setup_util_ps1.py'
[4.427s] INFO:colcon.colcon_core.shell:Creating prefix chain script '/home/outthawazoo/traxxas_ws/install/setup.ps1'
[4.444s] INFO:colcon.colcon_core.shell:Creating prefix script '/home/outthawazoo/traxxas_ws/install/local_setup.sh'
[4.453s] INFO:colcon.colcon_core.shell:Creating prefix util module '/home/outthawazoo/traxxas_ws/install/_local_setup_util_sh.py'
[4.456s] INFO:colcon.colcon_core.shell:Creating prefix chain script '/home/outthawazoo/traxxas_ws/install/setup.sh'
[4.461s] INFO:colcon.colcon_core.shell:Creating prefix script '/home/outthawazoo/traxxas_ws/install/local_setup.bash'
[4.463s] INFO:colcon.colcon_core.shell:Creating prefix chain script '/home/outthawazoo/traxxas_ws/install/setup.bash'
[4.467s] INFO:colcon.colcon_core.shell:Creating prefix script '/home/outthawazoo/traxxas_ws/install/local_setup.zsh'
[4.473s] INFO:colcon.colcon_core.shell:Creating prefix chain script '/home/outthawazoo/traxxas_ws/install/setup.zsh'
